Process 13921 exited: 0
Process 13922 exited: 0
Process 13923 exited: 0
