Process 13926 exited: 0
Process 13927 exited: 0
Process 13928 exited: 0
Process 13929 exited: 0
Process 13930 exited: 0
