Process 13933 exited: 0
Process 13934 exited: 0
Process 13935 exited: 1
Process 13936 exited: 0
Process 13937 exited: 1
Process 13938 exited: 0
Process 13939 exited: 0
Process 13940 exited: 1
Process 13941 exited: 0
Process 13942 exited: 0
Process 13943 exited: 0
Process 13944 exited: 0
Process 13945 exited: 0
Process 13946 exited: 0
Process 13947 exited: 0
Process 13948 exited: 0
