Process 13951 exited: 0
Process 13952 exited: 0
Process 13953 exited: 0
Process 13954 exited: 0
Process 13955 exited: 0
Process 13956 exited: 1
Process 13957 exited: 0
Process 13958 exited: 0
Process 13959 exited: 0
Process 13960 exited: 1
Process 13961 exited: 0
