Spawned child process 13964
Process 13966 exited: 0
Process 13965 exited: 0
Process 13968 exited: 1
Process 13969 exited: 0
Process 13967 exited: 0
Process 13971 exited: 0
Spawned child process 13972
Process 13974 exited: 0
Process 13975 exited: 71
Process 13972 exited: 0
Process 13973 exited: 0
Process 13970 exited: 0
