Process 13981 exited: 0
Process 13982 exited: 0
Process 13984 exited: 0
